
> business-hub@1.0.1 build
> tsc -b && vite build

[36mvite v8.0.9 [32mbuilding client environment for production...[36m[39m
[2K
transforming...Γ£ô 2260 modules transformed.
rendering chunks...
computing gzip size...
dist/index.html                              0.83 kB Γöé gzip:   0.44 kB
dist/assets/index-DDnE1jcB.css              95.63 kB Γöé gzip:  14.01 kB
dist/assets/web-CyTVzudq.js                  0.84 kB Γöé gzip:   0.40 kB
dist/assets/migrationEngine-Dx9z-eSQ.js    365.26 kB Γöé gzip: 123.20 kB
dist/assets/index-CGH63iHj.js            1,228.07 kB Γöé gzip: 343.06 kB

node.exe : [33m[plugin builtin:vite-reporter] 
At line:1 char:1
+ & "C:\Program Files\nodejs/node.exe" "C:\Program Files\nodejs/node_mo ...
+ ~~~~~~~~~~~~~~~~~~~~~~~~~~~~~~~~~~~~~~~~~~~~~~~~~~~~~~~~~~~~~~~~~~~~~
    + CategoryInfo          : NotSpecified: ([33m[plugin builtin:vite-reporter] :String) [], RemoteException
    + FullyQualifiedErrorId : NativeCommandError
 
(!) Some chunks are larger than 500 kB after minification. Consider:
- Using dynamic import() to code-split the application
- Use build.rolldownOptions.output.codeSplitting to improve chunking: 
https://rolldown.rs/reference/OutputOptions.codeSplitting
- Adjust chunk size limit for this warning via build.chunkSizeWarningLimit.[39m
[31mΓ£ù[39m Build failed in 1.08s
[31merror during build:
[31mBuild failed with 1 error:

Error: [vite]: Rolldown failed to resolve import "es-toolkit/compat/last" from 
"D:/business-hub/node_modules/recharts/es6/polar/Radar.js".
This is most likely unintended because it can break your application at runtime.
If you do want to externalize this module explicitly add it to
`build.rollupOptions.external`
    at viteLog (file:///D:/business-hub/node_modules/vite/dist/node/chunks/node.js:33092:57)
    at file:///D:/business-hub/node_modules/vite/dist/node/chunks/node.js:33128:71
    at onwarn (file:///D:/business-hub/node_modules/@vitejs/plugin-react/dist/index.js:40:7)
    at file:///D:/business-hub/node_modules/vite/dist/node/chunks/node.js:33128:28
    at onRollupLog (file:///D:/business-hub/node_modules/vite/dist/node/chunks/node.js:33123:63)
    at onLog (file:///D:/business-hub/node_modules/vite/dist/node/chunks/node.js:32892:4)
    at file:///D:/business-hub/node_modules/rolldown/dist/shared/rolldown-build-BPKCFYpX.mjs:50:26
    at logger (file:///D:/business-hub/node_modules/rolldown/dist/shared/rolldown-build-BPKCFYpX.mjs:41:3)
    at onLog 
(file:///D:/business-hub/node_modules/rolldown/dist/shared/bindingify-input-options-aPVaxNxQ.mjs:1991:32)[31m
    at aggregateBindingErrorsIntoJsError 
(file:///D:/business-hub/node_modules/rolldown/dist/shared/error-DAA7ncC5.mjs:48:18)
    at unwrapBindingResult (file:///D:/business-hub/node_modules/rolldown/dist/shared/error-DAA7ncC5.mjs:18:128)
    at #build (file:///D:/business-hub/node_modules/rolldown/dist/shared/rolldown-build-BPKCFYpX.mjs:3317:34)
    at async buildEnvironment (file:///D:/business-hub/node_modules/vite/dist/node/chunks/node.js:32999:64)
    at async Object.build (file:///D:/business-hub/node_modules/vite/dist/node/chunks/node.js:33421:19)
    at async Object.buildApp (file:///D:/business-hub/node_modules/vite/dist/node/chunks/node.js:33418:153)
    at async CAC.<anonymous> (file:///D:/business-hub/node_modules/vite/dist/node/cli.js:778:3) {
  errors: [Getter/Setter]
}[39m
